     1                                  [org 0x0100]
     2                                  
     3 00000000 B82A00                  mov ax, 42
     4 00000003 BB1200                  mov bx,18
     5 00000006 B91E00                  mov cx,30
     6                                  
     7 00000009 39D8                    cmp ax,bx
     8 0000000B 7207                    jb L1
     9 0000000D 891E[2600]              mov [smallest],bx
    10 00000011 E9(0C00)                jmp 12
    11                                  L1:
    12 00000014 A3[2600]                mov [smallest] ,ax
    13                                  
    14                                  L2:
    15 00000017 390E[2600]              cmp [smallest] ,cx
    16 0000001B 7204                    jb end
    17 0000001D 890E[2600]              mov [smallest],cx
    18                                  
    19                                  end:
    20 00000021 B8004C                  mov ax,0x4c00
    21 00000024 CD21                    int 0x21
    22                                  
    23 00000026 0000                    smallest dw 0
    24                                  
