     1                                  [org 0x0100]
     2                                  
     3 00000000 A1[2C00]                mov ax, [temp]
     4 00000003 3D0000                  cmp ax,0
     5 00000006 7C10                    jl freezing
     6 00000008 3D1800                  cmp ax,24
     7 0000000B 7E11                    jle cold
     8 0000000D 3D4500                  cmp ax, 69
     9 00000010 7E12                    jle moderate
    10                                  
    11 00000012 B80400                  mov ax,4
    12 00000015 E90F00                  jmp done
    13                                  freezing:
    14 00000018 B80100                  mov ax,1
    15 0000001B E90900                  jmp done
    16                                  
    17                                  cold:
    18 0000001E B80200                  mov ax,2
    19 00000021 E90300                  jmp done
    20                                  
    21                                  moderate:
    22 00000024 B80300                  mov ax,3
    23                                  
    24                                  done:
    25 00000027 B8004C                  mov ax, 0x4c00
    26 0000002A CD21                    int 0x21
    27                                  
    28 0000002C 2800                    temp: dw 40
    29                                  
