     1                                  [org 0x0100]
     2                                  
     3 00000000 E90A00                  jmp start
     4 00000003 010002000300040005-     arr1: dw 1,2,3,4,5
     5 0000000C 00                 
     6                                  
     7                                  start:
     8 0000000D BB0000                  mov bx, 0
     9 00000010 B80000                  mov ax, 0
    10 00000013 BE0A00                  mov si, 10
    11                                  
    12 00000016 BA0000                  mov dx,0
    13                                  
    14                                  l1:
    15 00000019 8B87[0300]              mov ax, [arr1 + bx]
    16 0000001D 8984[0300]              mov [arr1+si],ax
    17 00000021 81C30200                add bx,2
    18 00000025 29DE                    sub si, bx
    19 00000027 81FB0600                cmp bx,6
    20 0000002B 75EC                    jne l1
    21                                  
    22 0000002D B8004C                  mov ax, 0x4c00
    23 00000030 CD21                    int 0x21
