     1                                  [org 0x0100]
     2                                  
     3 00000000 E91E00                  jmp start
     4                                  
     5 00000003 010002000300040005-     num1 dw 1,2,3,4,5
     6 0000000C 00                 
     7 0000000D 030004000500060007-     num2 dw 3,4,5,6,7
     8 00000016 00                 
     9 00000017 000000000000000000-     num3 dw 0,0,0,0,0
    10 00000020 00                 
    11                                  
    12                                  start:
    13 00000021 B80000                  mov ax, 0    ; holds data to check
    14 00000024 BB0000                  mov bx, 0    ; counter for num1
    15 00000027 BE0000                  mov si, 0    ; counter for num2
    16 0000002A BD0000                  mov bp, 0    ; counter to check size of num2
    17 0000002D BF0000                  mov di, 0    ; index for num3
    18                                  
    19 00000030 8B87[0300]              l1: mov ax, [num1+bx]
    20 00000034 3B84[0D00]                  cmp ax, [num2+si]   ; compare num1 against num2
    21 00000038 7503                        jne l2              ; if its not equal then jump to l2
    22 0000003A E91000                      jmp l3              ; if its equal then store
    23                                  
    24 0000003D 81C60200                l2: add si, 2           ; next element of num2
    25 00000041 81C50200                    add bp, 2
    26 00000045 81FD0A00                    cmp bp, 10          ; checked all 5 elements of num2?
    27 00000049 740D                        je next_num1        ; if yes then go to next element of num1
    28 0000004B EBE3                        jmp l1              ; if not keep checking
    29                                  
    30 0000004D 8985[1700]              l3: mov [num3+di], ax   ; store common element in num3
    31 00000051 81C70200                    add di, 2
    32 00000055 E90000                      jmp next_num1       ; go check next num1
    33                                  
    34                                  next_num1:
    35 00000058 81C30200                    add bx, 2           ; move to next element of num1
    36 0000005C BE0000                      mov si, 0           ; reset num2 index
    37 0000005F BD0000                      mov bp, 0           ; reset counter
    38 00000062 81FB0A00                    cmp bx, 10          ; processed all 5 elements of num1?
    39 00000066 7402                        je end
    40 00000068 EBC6                        jmp l1
    41                                  
    42                                  end:
    43                                  
    44 0000006A B8004C                  mov ax, 0x4c00
    45 0000006D CD21                    int 0x21
