     1                                  [org 0x100]
     2 00000000 E90F00                  jmp start
     3                                  
     4 00000003 40                      char  db '@'
     5 00000004 0E                      color db 0Eh
     6 00000005 00                      row   db 0
     7 00000006 00                      col   db 0
     8 00000007 01                      dr    db 1   ; row direction
     9 00000008 01                      dc    db 1   ; column direction
    10                                  
    11                                  
    12                                  Delay:
    13 00000009 51                          push cx
    14 0000000A B9D007                      mov cx, 2000
    15                                  delay_loop:
    16 0000000D 90                          nop
    17 0000000E E2FD                        loop delay_loop
    18 00000010 59                          pop cx
    19 00000011 C3                          ret
    20                                  
    21                                  
    22                                  start:
    23 00000012 8CC8                        mov ax, cs
    24 00000014 8ED8                        mov ds, ax
    25 00000016 B800B8                      mov ax, 0xb800
    26 00000019 8EC0                        mov es, ax
    27                                  
    28                                  main_loop:
    29                                  
    30                                      ; compute video memory offset: row*160 + col*2
    31 0000001B A0[0500]                    mov al, [row]
    32 0000001E B400                        mov ah, 0
    33 00000020 BBA000                      mov bx, 160
    34 00000023 F7E3                        mul bx        ; AX = row*160
    35 00000025 89C3                        mov bx, ax
    36 00000027 A0[0600]                    mov al, [col]
    37 0000002A B400                        mov ah, 0
    38 0000002C D1E0                        shl ax, 1     ; multiply by 2 (char + attribute)
    39 0000002E 01C3                        add bx, ax
    40 00000030 89DF                        mov di, bx
    41                                  
    42                                      ; write character with color
    43 00000032 A0[0300]                    mov al, [char]
    44 00000035 8A26[0400]                  mov ah, [color]
    45 00000039 AB                          stosw
    46                                  
    47 0000003A E8CCFF                      call Delay
    48                                  
    49                                      ; erase character
    50 0000003D B020                        mov al, ' '
    51 0000003F B407                        mov ah, 07h
    52 00000041 AB                          stosw
    53                                  
    54                                      ; update position
    55 00000042 A0[0500]                    mov al, [row]
    56 00000045 0206[0700]                  add al, [dr]
    57 00000049 A2[0500]                    mov [row], al
    58                                  
    59 0000004C A0[0600]                    mov al, [col]
    60 0000004F 0206[0800]                  add al, [dc]
    61 00000053 A2[0600]                    mov [col], al
    62                                  
    63                                      ; check row borders
    64 00000056 A0[0500]                    mov al, [row]
    65 00000059 3C18                        cmp al, 24
    66 0000005B 7E0C                        jle chk_top
    67 0000005D C606[0500]18                mov byte [row], 24
    68 00000062 F61E[0700]                  neg byte [dr]
    69 00000066 E93300                      jmp change_color
    70                                  	
    71                                  chk_top:
    72 00000069 3C00                        cmp al, 0
    73 0000006B 7D0C                        jge chk_right
    74 0000006D C606[0500]00                mov byte [row], 0
    75 00000072 F61E[0700]                  neg byte [dr]
    76 00000076 E92300                      jmp change_color
    77                                  
    78                                      ; check column borders
    79                                  chk_right:
    80 00000079 803E[0600]4F                cmp byte [col], 79
    81 0000007E 7E0C                        jle chk_left
    82 00000080 C606[0600]4F                mov byte [col], 79
    83 00000085 F61E[0800]                  neg byte [dc]
    84 00000089 E91000                      jmp change_color
    85                                  chk_left:
    86 0000008C 803E[0600]00                cmp byte [col], 0
    87 00000091 7D88                        jge main_loop
    88 00000093 C606[0600]00                mov byte [col], 0
    89 00000098 F61E[0800]                  neg byte [dc]
    90                                  
    91                                  change_color:
    92 0000009C A0[0400]                    mov al, [color]
    93 0000009F FEC0                        inc al
    94 000000A1 240F                        and al, 0Fh
    95 000000A3 3C00                        cmp al, 0
    96 000000A5 7502                        jne store_col
    97 000000A7 B001                        mov al, 1
    98                                  store_col:
    99 000000A9 A2[0400]                    mov [color], al
   100                                  
   101 000000AC E96CFF                      jmp main_loop
